[0m09:51:14.292532 [debug] [MainThread]: Sending event: {'category': 'dbt', 'action': 'invocation', 'label': 'start', 'context': [<snowplow_tracker.self_describing_json.SelfDescribingJson object at 0x0000016FFDE71E90>, <snowplow_tracker.self_describing_json.SelfDescribingJson object at 0x0000016FFDE97950>, <snowplow_tracker.self_describing_json.SelfDescribingJson object at 0x0000016FFDDCBCD0>]}


============================== 09:51:14.302541 | 56fcbd83-9b16-4785-81ce-27739e6d7ea5 ==============================
[0m09:51:14.302541 [info ] [MainThread]: Running with dbt=1.9.10
[0m09:51:14.306881 [debug] [MainThread]: running dbt with arguments {'version_check': 'True', 'no_print': 'None', 'static_parser': 'True', 'warn_error_options': 'WarnErrorOptions(include=[], exclude=[])', 'target_path': 'None', 'printer_width': '80', 'write_json': 'True', 'empty': 'None', 'log_cache_events': 'False', 'introspect': 'True', 'cache_selected_only': 'False', 'fail_fast': 'False', 'debug': 'False', 'log_format': 'default', 'profiles_dir': 'C:\\Users\\Lenovo\\.dbt', 'send_anonymous_usage_stats': 'True', 'quiet': 'False', 'warn_error': 'None', 'partial_parse': 'True', 'indirect_selection': 'eager', 'invocation_command': 'dbt init ecomerce_product_growth', 'use_colors': 'True', 'use_experimental_parser': 'False', 'log_path': 'logs'}
[0m09:51:14.368675 [debug] [MainThread]: Starter project path: D:\Projects\ecommerce-product-growth-causal-analytics\venv\Lib\site-packages\dbt\include\starter_project
[0m09:51:14.481572 [info ] [MainThread]: 
Your new dbt project "ecomerce_product_growth" was created!

For more information on how to configure the profiles.yml file,
please consult the dbt documentation here:

  https://docs.getdbt.com/docs/configure-your-profile

One more thing:

Need help? Don't hesitate to reach out to us via GitHub issues or on Slack:

  https://community.getdbt.com/

Happy modeling!

[0m09:51:14.481572 [info ] [MainThread]: Setting up your profile.
[0m09:51:24.145177 [debug] [MainThread]: Command `dbt init` succeeded at 09:51:24.139719 after 10.04 seconds
[0m09:51:24.146186 [debug] [MainThread]: Sending event: {'category': 'dbt', 'action': 'invocation', 'label': 'end', 'context': [<snowplow_tracker.self_describing_json.SelfDescribingJson object at 0x0000016FFDCA3E10>, <snowplow_tracker.self_describing_json.SelfDescribingJson object at 0x0000016FFDE79710>, <snowplow_tracker.self_describing_json.SelfDescribingJson object at 0x0000016FFDE78150>]}
[0m09:51:24.146186 [debug] [MainThread]: Flushing usage events
[0m09:51:25.827392 [debug] [MainThread]: An error was encountered while trying to flush usage events
[0m10:00:46.099879 [debug] [MainThread]: Sending event: {'category': 'dbt', 'action': 'invocation', 'label': 'start', 'context': [<snowplow_tracker.self_describing_json.SelfDescribingJson object at 0x000001E03594C310>, <snowplow_tracker.self_describing_json.SelfDescribingJson object at 0x000001E0352CE750>, <snowplow_tracker.self_describing_json.SelfDescribingJson object at 0x000001E035865AD0>]}


============================== 10:00:46.107687 | 3e46742e-2c83-4b22-8c7d-87abc0aa3c75 ==============================
[0m10:00:46.107687 [info ] [MainThread]: Running with dbt=1.9.10
[0m10:00:46.110199 [debug] [MainThread]: running dbt with arguments {'version_check': 'True', 'no_print': 'None', 'static_parser': 'True', 'target_path': 'None', 'warn_error_options': 'WarnErrorOptions(include=[], exclude=[])', 'printer_width': '80', 'write_json': 'True', 'empty': 'False', 'log_cache_events': 'False', 'introspect': 'True', 'cache_selected_only': 'False', 'fail_fast': 'False', 'debug': 'False', 'log_format': 'default', 'partial_parse': 'True', 'send_anonymous_usage_stats': 'True', 'quiet': 'False', 'warn_error': 'None', 'profiles_dir': 'C:\\Users\\Lenovo\\.dbt', 'invocation_command': 'dbt run', 'use_colors': 'True', 'indirect_selection': 'eager', 'use_experimental_parser': 'False', 'log_path': 'logs'}
[0m10:00:46.110199 [error] [MainThread]: Encountered an error:
Runtime Error
  No dbt_project.yml found at expected path D:\Projects\ecommerce-product-growth-causal-analytics\dbt_project.yml
  Verify that each entry within packages.yml (and their transitive dependencies) contains a file named dbt_project.yml
  
[0m10:00:46.111707 [debug] [MainThread]: Command `dbt run` failed at 10:00:46.111707 after 0.20 seconds
[0m10:00:46.113627 [debug] [MainThread]: Sending event: {'category': 'dbt', 'action': 'invocation', 'label': 'end', 'context': [<snowplow_tracker.self_describing_json.SelfDescribingJson object at 0x000001E0359A6B10>, <snowplow_tracker.self_describing_json.SelfDescribingJson object at 0x000001E0359A7850>, <snowplow_tracker.self_describing_json.SelfDescribingJson object at 0x000001E0359A70D0>]}
[0m10:00:46.113627 [debug] [MainThread]: Flushing usage events
[0m10:00:47.641211 [debug] [MainThread]: An error was encountered while trying to flush usage events
[0m10:06:31.702911 [debug] [MainThread]: Sending event: {'category': 'dbt', 'action': 'invocation', 'label': 'start', 'context': [<snowplow_tracker.self_describing_json.SelfDescribingJson object at 0x000001F5CA23D8D0>, <snowplow_tracker.self_describing_json.SelfDescribingJson object at 0x000001F5C9491350>, <snowplow_tracker.self_describing_json.SelfDescribingJson object at 0x000001F5CA198890>]}


============================== 10:06:31.707761 | f28dfd92-00de-4f2e-9dfa-b82d0db924be ==============================
[0m10:06:31.707761 [info ] [MainThread]: Running with dbt=1.9.10
[0m10:06:31.709770 [debug] [MainThread]: running dbt with arguments {'static_parser': 'True', 'no_print': 'None', 'version_check': 'True', 'target_path': 'None', 'warn_error_options': 'WarnErrorOptions(include=[], exclude=[])', 'printer_width': '80', 'write_json': 'True', 'empty': 'None', 'log_cache_events': 'False', 'introspect': 'True', 'cache_selected_only': 'False', 'log_format': 'default', 'debug': 'False', 'fail_fast': 'False', 'profiles_dir': 'C:\\Users\\Lenovo\\.dbt', 'send_anonymous_usage_stats': 'True', 'quiet': 'False', 'warn_error': 'None', 'partial_parse': 'True', 'indirect_selection': 'eager', 'use_colors': 'True', 'invocation_command': 'dbt init ecommerce_analytics', 'use_experimental_parser': 'False', 'log_path': 'logs'}
[0m10:06:31.743066 [debug] [MainThread]: Starter project path: D:\Projects\ecommerce-product-growth-causal-analytics\venv\Lib\site-packages\dbt\include\starter_project
[0m10:06:31.873030 [info ] [MainThread]: 
Your new dbt project "ecommerce_analytics" was created!

For more information on how to configure the profiles.yml file,
please consult the dbt documentation here:

  https://docs.getdbt.com/docs/configure-your-profile

One more thing:

Need help? Don't hesitate to reach out to us via GitHub issues or on Slack:

  https://community.getdbt.com/

Happy modeling!

[0m10:06:31.873030 [info ] [MainThread]: Setting up your profile.
[0m10:06:39.584220 [debug] [MainThread]: Command `dbt init` succeeded at 10:06:39.584220 after 8.01 seconds
[0m10:06:39.588735 [debug] [MainThread]: Sending event: {'category': 'dbt', 'action': 'invocation', 'label': 'end', 'context': [<snowplow_tracker.self_describing_json.SelfDescribingJson object at 0x000001F5C3B53B50>, <snowplow_tracker.self_describing_json.SelfDescribingJson object at 0x000001F5C3AF1690>, <snowplow_tracker.self_describing_json.SelfDescribingJson object at 0x000001F5CA073D10>]}
[0m10:06:39.590151 [debug] [MainThread]: Flushing usage events
[0m10:06:41.044969 [debug] [MainThread]: An error was encountered while trying to flush usage events
[0m10:15:59.983134 [debug] [MainThread]: Sending event: {'category': 'dbt', 'action': 'invocation', 'label': 'start', 'context': [<snowplow_tracker.self_describing_json.SelfDescribingJson object at 0x0000025BE32747D0>, <snowplow_tracker.self_describing_json.SelfDescribingJson object at 0x0000025BE31C4CD0>, <snowplow_tracker.self_describing_json.SelfDescribingJson object at 0x0000025BE3275FD0>]}


============================== 10:15:59.989944 | 954a11e7-15a0-4191-9a7b-e30727b04090 ==============================
[0m10:15:59.989944 [info ] [MainThread]: Running with dbt=1.9.10
[0m10:15:59.989944 [debug] [MainThread]: running dbt with arguments {'version_check': 'True', 'no_print': 'None', 'static_parser': 'True', 'warn_error_options': 'WarnErrorOptions(include=[], exclude=[])', 'target_path': 'None', 'printer_width': '80', 'write_json': 'True', 'introspect': 'True', 'log_cache_events': 'False', 'empty': 'None', 'cache_selected_only': 'False', 'log_format': 'default', 'debug': 'False', 'fail_fast': 'False', 'profiles_dir': 'C:\\Users\\Lenovo\\.dbt', 'send_anonymous_usage_stats': 'True', 'quiet': 'False', 'warn_error': 'None', 'partial_parse': 'True', 'indirect_selection': 'eager', 'invocation_command': 'dbt debug', 'use_colors': 'True', 'use_experimental_parser': 'False', 'log_path': 'logs'}
[0m10:16:00.029636 [info ] [MainThread]: dbt version: 1.9.10
[0m10:16:00.031643 [info ] [MainThread]: python version: 3.11.9
[0m10:16:00.031643 [info ] [MainThread]: python path: D:\Projects\ecommerce-product-growth-causal-analytics\venv\Scripts\python.exe
[0m10:16:00.033649 [info ] [MainThread]: os info: Windows-10-10.0.26200-SP0
[0m10:16:00.043713 [info ] [MainThread]: Error importing adapter: No module named 'dbt.adapters.snowflake'
[0m10:16:00.167449 [info ] [MainThread]: Using profiles dir at C:\Users\Lenovo\.dbt
[0m10:16:00.172609 [info ] [MainThread]: Using profiles.yml file at C:\Users\Lenovo\.dbt\profiles.yml
[0m10:16:00.172609 [info ] [MainThread]: Using dbt_project.yml file at D:\Projects\ecommerce-product-growth-causal-analytics\dbt_project.yml
[0m10:16:00.174157 [info ] [MainThread]: Configuration:
[0m10:16:00.175813 [info ] [MainThread]:   profiles.yml file [[31mERROR invalid[0m]
[0m10:16:00.175813 [info ] [MainThread]:   dbt_project.yml file [[31mERROR not found[0m]
[0m10:16:00.176822 [info ] [MainThread]: Required dependencies:
[0m10:16:00.176822 [debug] [MainThread]: Executing "git --help"
[0m10:16:00.247098 [debug] [MainThread]: STDOUT: "b"usage: git [-v | --version] [-h | --help] [-C <path>] [-c <name>=<value>]\n           [--exec-path[=<path>]] [--html-path] [--man-path] [--info-path]\n           [-p | --paginate | -P | --no-pager] [--no-replace-objects] [--no-lazy-fetch]\n           [--no-optional-locks] [--no-advice] [--bare] [--git-dir=<path>]\n           [--work-tree=<path>] [--namespace=<name>] [--config-env=<name>=<envvar>]\n           <command> [<args>]\n\nThese are common Git commands used in various situations:\n\nstart a working area (see also: git help tutorial)\n   clone      Clone a repository into a new directory\n   init       Create an empty Git repository or reinitialize an existing one\n\nwork on the current change (see also: git help everyday)\n   add        Add file contents to the index\n   mv         Move or rename a file, a directory, or a symlink\n   restore    Restore working tree files\n   rm         Remove files from the working tree and from the index\n\nexamine the history and state (see also: git help revisions)\n   bisect     Use binary search to find the commit that introduced a bug\n   diff       Show changes between commits, commit and working tree, etc\n   grep       Print lines matching a pattern\n   log        Show commit logs\n   show       Show various types of objects\n   status     Show the working tree status\n\ngrow, mark and tweak your common history\n   backfill   Download missing objects in a partial clone\n   branch     List, create, or delete branches\n   commit     Record changes to the repository\n   merge      Join two or more development histories together\n   rebase     Reapply commits on top of another base tip\n   reset      Reset current HEAD to the specified state\n   switch     Switch branches\n   tag        Create, list, delete or verify a tag object signed with GPG\n\ncollaborate (see also: git help workflows)\n   fetch      Download objects and refs from another repository\n   pull       Fetch from and integrate with another repository or a local branch\n   push       Update remote refs along with associated objects\n\n'git help -a' and 'git help -g' list available subcommands and some\nconcept guides. See 'git help <command>' or 'git help <concept>'\nto read about a specific subcommand or concept.\nSee 'git help git' for an overview of the system.\n""
[0m10:16:00.247098 [debug] [MainThread]: STDERR: "b''"
[0m10:16:00.247098 [info ] [MainThread]:  - git [[32mOK found[0m]

[0m10:16:00.249409 [info ] [MainThread]: Connection test skipped since no profile was found
[0m10:16:00.249409 [info ] [MainThread]: [31m2 checks failed:[0m
[0m10:16:00.249409 [info ] [MainThread]: Could not load dbt_project.yml
Profile loading failed for the following reason:
Runtime Error
  Credentials in profile "oms_dbt_pro", target "dev" invalid: Runtime Error
    Could not find adapter type snowflake!


[0m10:16:00.249409 [info ] [MainThread]: Project loading failed for the following reason:
 project path <D:\Projects\ecommerce-product-growth-causal-analytics\dbt_project.yml> not found

[0m10:16:00.254505 [debug] [MainThread]: Command `dbt debug` failed at 10:16:00.254505 after 0.45 seconds
[0m10:16:00.254505 [debug] [MainThread]: Sending event: {'category': 'dbt', 'action': 'invocation', 'label': 'end', 'context': [<snowplow_tracker.self_describing_json.SelfDescribingJson object at 0x0000025BE3276E90>, <snowplow_tracker.self_describing_json.SelfDescribingJson object at 0x0000025BE30A3D10>, <snowplow_tracker.self_describing_json.SelfDescribingJson object at 0x0000025BE32D09D0>]}
[0m10:16:00.254505 [debug] [MainThread]: Flushing usage events
[0m10:16:01.691507 [debug] [MainThread]: An error was encountered while trying to flush usage events
[0m22:18:55.792425 [debug] [MainThread]: Sending event: {'category': 'dbt', 'action': 'invocation', 'label': 'start', 'context': [<snowplow_tracker.self_describing_json.SelfDescribingJson object at 0x0000011B05B69E90>, <snowplow_tracker.self_describing_json.SelfDescribingJson object at 0x0000011B05AC4290>, <snowplow_tracker.self_describing_json.SelfDescribingJson object at 0x0000011B056BDB10>]}


============================== 22:18:55.801698 | 45a85148-1e1a-412e-bfed-2abbf595071d ==============================
[0m22:18:55.801698 [info ] [MainThread]: Running with dbt=1.9.10
[0m22:18:55.801698 [debug] [MainThread]: running dbt with arguments {'version_check': 'True', 'no_print': 'None', 'static_parser': 'True', 'warn_error_options': 'WarnErrorOptions(include=[], exclude=[])', 'target_path': 'None', 'printer_width': '80', 'write_json': 'True', 'empty': 'False', 'log_cache_events': 'False', 'introspect': 'True', 'cache_selected_only': 'False', 'log_format': 'default', 'debug': 'False', 'fail_fast': 'False', 'profiles_dir': 'C:\\Users\\Lenovo\\.dbt', 'send_anonymous_usage_stats': 'True', 'quiet': 'False', 'warn_error': 'None', 'partial_parse': 'True', 'use_colors': 'True', 'indirect_selection': 'eager', 'invocation_command': 'dbt run', 'use_experimental_parser': 'False', 'log_path': 'logs'}
[0m22:18:55.801698 [error] [MainThread]: Encountered an error:
Runtime Error
  No dbt_project.yml found at expected path D:\Projects\ecommerce-product-growth-causal-analytics\dbt_project.yml
  Verify that each entry within packages.yml (and their transitive dependencies) contains a file named dbt_project.yml
  
[0m22:18:55.801698 [debug] [MainThread]: Command `dbt run` failed at 22:18:55.801698 after 0.10 seconds
[0m22:18:55.801698 [debug] [MainThread]: Sending event: {'category': 'dbt', 'action': 'invocation', 'label': 'end', 'context': [<snowplow_tracker.self_describing_json.SelfDescribingJson object at 0x0000011B05B69810>, <snowplow_tracker.self_describing_json.SelfDescribingJson object at 0x0000011B05525510>, <snowplow_tracker.self_describing_json.SelfDescribingJson object at 0x0000011B7F490510>]}
[0m22:18:55.801698 [debug] [MainThread]: Flushing usage events
[0m22:18:57.142734 [debug] [MainThread]: An error was encountered while trying to flush usage events
[0m22:23:07.293282 [debug] [MainThread]: Sending event: {'category': 'dbt', 'action': 'invocation', 'label': 'start', 'context': [<snowplow_tracker.self_describing_json.SelfDescribingJson object at 0x00000201D0364750>, <snowplow_tracker.self_describing_json.SelfDescribingJson object at 0x00000201D035F450>, <snowplow_tracker.self_describing_json.SelfDescribingJson object at 0x00000201D03646D0>]}


============================== 22:23:07.304165 | 87e0cebf-5369-4960-a2b4-5de1a21528c0 ==============================
[0m22:23:07.304165 [info ] [MainThread]: Running with dbt=1.9.10
[0m22:23:07.304165 [debug] [MainThread]: running dbt with arguments {'static_parser': 'True', 'no_print': 'None', 'version_check': 'True', 'warn_error_options': 'WarnErrorOptions(include=[], exclude=[])', 'target_path': 'None', 'printer_width': '80', 'write_json': 'True', 'empty': 'False', 'log_cache_events': 'False', 'introspect': 'True', 'cache_selected_only': 'False', 'fail_fast': 'False', 'debug': 'False', 'log_format': 'default', 'partial_parse': 'True', 'send_anonymous_usage_stats': 'True', 'quiet': 'False', 'warn_error': 'None', 'profiles_dir': 'C:\\Users\\Lenovo\\.dbt', 'invocation_command': 'dbt run --select int_rfm', 'use_colors': 'True', 'indirect_selection': 'eager', 'use_experimental_parser': 'False', 'log_path': 'logs'}
[0m22:23:07.304165 [error] [MainThread]: Encountered an error:
Runtime Error
  No dbt_project.yml found at expected path D:\Projects\ecommerce-product-growth-causal-analytics\dbt_project.yml
  Verify that each entry within packages.yml (and their transitive dependencies) contains a file named dbt_project.yml
  
[0m22:23:07.304165 [debug] [MainThread]: Command `dbt run` failed at 22:23:07.304165 after 0.11 seconds
[0m22:23:07.304165 [debug] [MainThread]: Sending event: {'category': 'dbt', 'action': 'invocation', 'label': 'end', 'context': [<snowplow_tracker.self_describing_json.SelfDescribingJson object at 0x00000201D03B7110>, <snowplow_tracker.self_describing_json.SelfDescribingJson object at 0x00000201D03B7850>, <snowplow_tracker.self_describing_json.SelfDescribingJson object at 0x00000201D03B7210>]}
[0m22:23:07.304165 [debug] [MainThread]: Flushing usage events
[0m22:23:08.776214 [debug] [MainThread]: An error was encountered while trying to flush usage events
[0m22:13:47.711669 [debug] [MainThread]: Sending event: {'category': 'dbt', 'action': 'invocation', 'label': 'start', 'context': [<snowplow_tracker.self_describing_json.SelfDescribingJson object at 0x0000027A94F5A190>, <snowplow_tracker.self_describing_json.SelfDescribingJson object at 0x0000027A94F53450>, <snowplow_tracker.self_describing_json.SelfDescribingJson object at 0x0000027A94F50D90>]}


============================== 22:13:47.713675 | 4d8d13d3-cab6-4aab-af4a-6654f4ed316a ==============================
[0m22:13:47.713675 [info ] [MainThread]: Running with dbt=1.9.10
[0m22:13:47.713675 [debug] [MainThread]: running dbt with arguments {'static_parser': 'True', 'no_print': 'None', 'version_check': 'True', 'warn_error_options': 'WarnErrorOptions(include=[], exclude=[])', 'target_path': 'None', 'printer_width': '80', 'write_json': 'True', 'empty': 'False', 'log_cache_events': 'False', 'introspect': 'True', 'cache_selected_only': 'False', 'log_format': 'default', 'debug': 'False', 'fail_fast': 'False', 'partial_parse': 'True', 'send_anonymous_usage_stats': 'True', 'quiet': 'False', 'warn_error': 'None', 'profiles_dir': 'C:\\Users\\Lenovo\\.dbt', 'indirect_selection': 'eager', 'invocation_command': 'dbt run --select int_rfm', 'use_colors': 'True', 'use_experimental_parser': 'False', 'log_path': 'logs'}
[0m22:13:47.713675 [error] [MainThread]: Encountered an error:
Runtime Error
  No dbt_project.yml found at expected path D:\Projects\ecommerce-product-growth-causal-analytics\dbt_project.yml
  Verify that each entry within packages.yml (and their transitive dependencies) contains a file named dbt_project.yml
  
[0m22:13:47.713675 [debug] [MainThread]: Command `dbt run` failed at 22:13:47.713675 after 0.08 seconds
[0m22:13:47.713675 [debug] [MainThread]: Sending event: {'category': 'dbt', 'action': 'invocation', 'label': 'end', 'context': [<snowplow_tracker.self_describing_json.SelfDescribingJson object at 0x0000027A94D90110>, <snowplow_tracker.self_describing_json.SelfDescribingJson object at 0x0000027A94D7FB10>, <snowplow_tracker.self_describing_json.SelfDescribingJson object at 0x0000027A94F53990>]}
[0m22:13:47.713675 [debug] [MainThread]: Flushing usage events
[0m22:13:48.947366 [debug] [MainThread]: An error was encountered while trying to flush usage events
[0m10:04:05.845420 [debug] [MainThread]: Sending event: {'category': 'dbt', 'action': 'invocation', 'label': 'start', 'context': [<snowplow_tracker.self_describing_json.SelfDescribingJson object at 0x0000025EFED74890>, <snowplow_tracker.self_describing_json.SelfDescribingJson object at 0x0000025EFED6F810>, <snowplow_tracker.self_describing_json.SelfDescribingJson object at 0x0000025EFED743D0>]}


============================== 10:04:05.851611 | 64717210-863e-42da-8830-89a71e7e15b4 ==============================
[0m10:04:05.851611 [info ] [MainThread]: Running with dbt=1.9.10
[0m10:04:05.851611 [debug] [MainThread]: running dbt with arguments {'static_parser': 'True', 'no_print': 'None', 'version_check': 'True', 'warn_error_options': 'WarnErrorOptions(include=[], exclude=[])', 'target_path': 'None', 'printer_width': '80', 'write_json': 'True', 'introspect': 'True', 'log_cache_events': 'False', 'empty': 'False', 'cache_selected_only': 'False', 'fail_fast': 'False', 'debug': 'False', 'log_format': 'default', 'profiles_dir': 'C:\\Users\\Lenovo\\.dbt', 'send_anonymous_usage_stats': 'True', 'quiet': 'False', 'warn_error': 'None', 'partial_parse': 'True', 'invocation_command': 'dbt run --select int_daily_category_metrics', 'indirect_selection': 'eager', 'use_colors': 'True', 'use_experimental_parser': 'False', 'log_path': 'logs'}
[0m10:04:05.851611 [error] [MainThread]: Encountered an error:
Runtime Error
  No dbt_project.yml found at expected path D:\Projects\ecommerce-product-growth-causal-analytics\dbt_project.yml
  Verify that each entry within packages.yml (and their transitive dependencies) contains a file named dbt_project.yml
  
[0m10:04:05.857564 [debug] [MainThread]: Command `dbt run` failed at 10:04:05.857564 after 0.19 seconds
[0m10:04:05.858766 [debug] [MainThread]: Sending event: {'category': 'dbt', 'action': 'invocation', 'label': 'end', 'context': [<snowplow_tracker.self_describing_json.SelfDescribingJson object at 0x0000025EFED6C790>, <snowplow_tracker.self_describing_json.SelfDescribingJson object at 0x0000025EFED6FB90>, <snowplow_tracker.self_describing_json.SelfDescribingJson object at 0x0000025EFED76950>]}
[0m10:04:05.858766 [debug] [MainThread]: Flushing usage events
[0m10:04:07.602601 [debug] [MainThread]: An error was encountered while trying to flush usage events
